// Jest Snapshot v1, https://goo.gl/fbAQLP

exports[`<OnSaleSwitch /> when changing value renders correctly 1`] = `
<DocumentFragment>
  <label
    class="MuiFormControlLabel-root"
  >
    <span
      class="MuiSwitch-root"
    >
      <span
        aria-disabled="false"
        class="MuiButtonBase-root MuiIconButton-root PrivateSwitchBase-root-1 MuiSwitch-switchBase MuiSwitch-colorPrimary"
        data-testid="onSaleSwitch"
      >
        <span
          class="MuiIconButton-label"
        >
          <input
            aria-label="show only on sales products"
            class="PrivateSwitchBase-input-4 MuiSwitch-input"
            type="checkbox"
            value=""
          />
          <span
            class="MuiSwitch-thumb"
          />
        </span>
        <span
          class="MuiTouchRipple-root"
        />
      </span>
      <span
        class="MuiSwitch-track"
      />
    </span>
    <span
      class="MuiTypography-root MuiFormControlLabel-label MuiTypography-body1"
    >
      Show only on sales
    </span>
  </label>
</DocumentFragment>
`;
